2025-07-31 13:57:48.797 [info] [main] Log level: Info
2025-07-31 13:57:48.797 [info] [main] Validating found git in: "git"
2025-07-31 13:57:48.797 [info] [main] Using git "2.50.1" from "git"
2025-07-31 13:57:48.797 [info] [Model][doInitialScan] Initial repository scan started
2025-07-31 13:57:48.797 [info] > git rev-parse --show-toplevel [7ms]
2025-07-31 13:57:48.797 [info] > git rev-parse --git-dir --git-common-dir [98ms]
2025-07-31 13:57:48.797 [info] [Model][openRepository] Opened repository (path): /home/hiansdt/projects/c3labs/monitor/monitor-comex-frontend
2025-07-31 13:57:48.797 [info] [Model][openRepository] Opened repository (real path): /home/hiansdt/projects/c3labs/monitor/monitor-comex-frontend
2025-07-31 13:57:48.815 [info] > git rev-parse --show-toplevel [368ms]
2025-07-31 13:57:48.816 [info] > git config --get commit.template [373ms]
2025-07-31 13:57:48.944 [info] > git rev-parse --show-toplevel [53ms]
2025-07-31 13:57:48.959 [info] > git for-each-ref --format=%(refname)%00%(upstream:short)%00%(objectname)%00%(upstream:track)%00%(upstream:remotename)%00%(upstream:remoteref) refs/heads/PROCESS-71 refs/remotes/PROCESS-71 [22ms]
2025-07-31 13:57:48.985 [info] > git rev-parse --show-toplevel [29ms]
2025-07-31 13:57:49.017 [info] > git rev-parse --show-toplevel [14ms]
2025-07-31 13:57:49.050 [info] > git status -z -uall [13ms]
2025-07-31 13:57:49.057 [info] > git rev-parse --show-toplevel [7ms]
2025-07-31 13:57:49.057 [info] > git for-each-ref --sort -committerdate --format %(refname)%00%(objectname)%00%(*objectname) [12ms]
2025-07-31 13:57:49.083 [info] > git for-each-ref --format=%(refname)%00%(upstream:short)%00%(objectname)%00%(upstream:track)%00%(upstream:remotename)%00%(upstream:remoteref) refs/heads/PROCESS-71 refs/remotes/PROCESS-71 [15ms]
2025-07-31 13:57:49.094 [info] > git config --get --local branch.PROCESS-71.vscode-merge-base [6ms]
2025-07-31 13:57:49.094 [warning] [Git][config] git config failed: Failed to execute git
2025-07-31 13:57:49.099 [info] > git config --get commit.template [16ms]
2025-07-31 13:57:49.099 [info] > git rev-parse --show-toplevel [22ms]
2025-07-31 13:57:49.121 [info] > git rev-parse --show-toplevel [10ms]
2025-07-31 13:57:49.123 [info] [Model][doInitialScan] Initial repository scan completed - repositories (1), closed repositories (0), parent repositories (0), unsafe repositories (0)
2025-07-31 13:57:49.133 [info] > git reflog PROCESS-71 --grep-reflog=branch: Created from *. [34ms]
2025-07-31 13:57:49.138 [info] > git show --textconv :src/main.ts [11ms]
2025-07-31 13:57:49.138 [info] > git ls-files --stage -- src/main.ts [5ms]
2025-07-31 13:57:49.143 [info] > git for-each-ref --format=%(refname)%00%(upstream:short)%00%(objectname)%00%(upstream:track)%00%(upstream:remotename)%00%(upstream:remoteref) refs/heads/PROCESS-71 refs/remotes/PROCESS-71 [23ms]
2025-07-31 13:57:49.146 [info] > git cat-file -s ef27e144ec2737816bd83e26eabb7c2c73a5d4d5 [3ms]
2025-07-31 13:57:49.146 [info] > git for-each-ref --format=%(refname)%00%(upstream:short)%00%(objectname)%00%(upstream:track)%00%(upstream:remotename)%00%(upstream:remoteref) refs/remotes/origin/PROCESS-71 [9ms]
2025-07-31 13:57:49.151 [info] > git config --add --local branch.PROCESS-71.vscode-merge-base origin/PROCESS-71 [1ms]
2025-07-31 13:57:49.177 [info] > git config --get commit.template [15ms]
2025-07-31 13:57:49.177 [info] > git for-each-ref --format=%(refname)%00%(upstream:short)%00%(objectname)%00%(upstream:track)%00%(upstream:remotename)%00%(upstream:remoteref) refs/heads/PROCESS-71 refs/remotes/PROCESS-71 [21ms]
2025-07-31 13:57:49.183 [info] > git config --get --local branch.PROCESS-71.vscode-merge-base [1ms]
2025-07-31 13:57:49.195 [info] > git for-each-ref --format=%(refname)%00%(upstream:short)%00%(objectname)%00%(upstream:track)%00%(upstream:remotename)%00%(upstream:remoteref) refs/heads/origin/PROCESS-71 refs/remotes/origin/PROCESS-71 [7ms]
2025-07-31 13:57:49.200 [info] > git for-each-ref --format=%(refname)%00%(upstream:short)%00%(objectname)%00%(upstream:track)%00%(upstream:remotename)%00%(upstream:remoteref) refs/heads/PROCESS-71 refs/remotes/PROCESS-71 [6ms]
2025-07-31 13:57:49.203 [info] > git merge-base refs/heads/PROCESS-71 refs/remotes/origin/PROCESS-71 [4ms]
2025-07-31 13:57:49.215 [info] > git diff --name-status -z --diff-filter=ADMR 87fc2865517b975a0585aede5c1b05d383112724...refs/remotes/origin/PROCESS-71 [9ms]
2025-07-31 13:57:49.217 [info] > git status -z -uall [7ms]
2025-07-31 13:57:49.217 [info] > git for-each-ref --sort -committerdate --format %(refname)%00%(objectname)%00%(*objectname) [3ms]
2025-07-31 13:57:49.383 [info] > git check-ignore -v -z --stdin [3ms]
2025-07-31 13:57:55.200 [info] > git blame --root --incremental 87fc2865517b975a0585aede5c1b05d383112724 -- src/main.ts [20ms]
2025-07-31 13:58:21.193 [info] > git check-ignore -v -z --stdin [3ms]
2025-07-31 13:58:22.654 [info] > git check-ignore -v -z --stdin [3ms]
2025-07-31 13:58:34.221 [info] > git check-ignore -v -z --stdin [3ms]
2025-07-31 13:58:40.943 [info] > git check-ignore -v -z --stdin [3ms]
2025-07-31 13:58:49.793 [info] > git check-ignore -v -z --stdin [3ms]
2025-07-31 13:58:51.204 [info] > git show --textconv :src/process/interfaces/checklist.ts [15ms]
2025-07-31 13:58:51.206 [info] > git ls-files --stage -- src/process/interfaces/checklist.ts [3ms]
2025-07-31 13:58:51.214 [info] > git cat-file -s 21c9ff0483764bfaa2177d6662136df9014d809e [2ms]
2025-07-31 13:58:51.368 [info] > git blame --root --incremental 87fc2865517b975a0585aede5c1b05d383112724 -- src/process/interfaces/checklist.ts [131ms]
2025-07-31 13:58:51.458 [info] > git check-ignore -v -z --stdin [3ms]
2025-07-31 13:58:53.533 [info] > git check-ignore -v -z --stdin [2ms]
2025-07-31 13:58:54.880 [info] > git show --textconv :src/main.ts [10ms]
2025-07-31 13:58:54.883 [info] > git ls-files --stage -- src/main.ts [3ms]
2025-07-31 13:58:54.898 [info] > git cat-file -s ef27e144ec2737816bd83e26eabb7c2c73a5d4d5 [3ms]
2025-07-31 13:58:55.543 [info] > git show --textconv :src/process/interfaces/checklist.ts [10ms]
2025-07-31 13:58:55.544 [info] > git ls-files --stage -- src/process/interfaces/checklist.ts [2ms]
2025-07-31 13:58:55.555 [info] > git cat-file -s 21c9ff0483764bfaa2177d6662136df9014d809e [3ms]
2025-07-31 13:58:56.266 [info] > git show --textconv :src/main.ts [8ms]
2025-07-31 13:58:56.267 [info] > git ls-files --stage -- src/main.ts [2ms]
2025-07-31 13:58:56.272 [info] > git cat-file -s ef27e144ec2737816bd83e26eabb7c2c73a5d4d5 [1ms]
2025-07-31 13:58:58.286 [info] > git show --textconv :src/process/interfaces/checklist.ts [6ms]
2025-07-31 13:58:58.287 [info] > git ls-files --stage -- src/process/interfaces/checklist.ts [1ms]
2025-07-31 13:58:58.292 [info] > git cat-file -s 21c9ff0483764bfaa2177d6662136df9014d809e [1ms]
2025-07-31 13:59:05.811 [info] > git show --textconv :src/process/entities/checklist.ts [11ms]
2025-07-31 13:59:05.811 [info] > git ls-files --stage -- src/process/entities/checklist.ts [1ms]
2025-07-31 13:59:05.820 [info] > git cat-file -s 1fd493145a582a37d5718e68bc7982e9a5d334d3 [2ms]
2025-07-31 13:59:05.851 [info] > git blame --root --incremental 87fc2865517b975a0585aede5c1b05d383112724 -- src/process/entities/checklist.ts [15ms]
2025-07-31 13:59:06.062 [info] > git check-ignore -v -z --stdin [4ms]
2025-07-31 13:59:08.835 [info] > git show --textconv :src/process/interfaces/checklist.ts [14ms]
2025-07-31 13:59:08.836 [info] > git ls-files --stage -- src/process/interfaces/checklist.ts [3ms]
2025-07-31 13:59:08.845 [info] > git cat-file -s 21c9ff0483764bfaa2177d6662136df9014d809e [2ms]
2025-07-31 13:59:18.147 [info] > git show --textconv :src/process/repository/checklistRepository.ts [7ms]
2025-07-31 13:59:18.148 [info] > git ls-files --stage -- src/process/repository/checklistRepository.ts [2ms]
2025-07-31 13:59:18.155 [info] > git cat-file -s 2b01b84e45e007b67992303ea6105ce73f5867de [1ms]
2025-07-31 13:59:18.181 [info] > git blame --root --incremental 87fc2865517b975a0585aede5c1b05d383112724 -- src/process/repository/checklistRepository.ts [12ms]
2025-07-31 13:59:18.416 [info] > git check-ignore -v -z --stdin [5ms]
2025-07-31 14:02:28.921 [info] > git config --get commit.template [5ms]
2025-07-31 14:02:28.921 [info] > git for-each-ref --format=%(refname)%00%(upstream:short)%00%(objectname)%00%(upstream:track)%00%(upstream:remotename)%00%(upstream:remoteref) refs/heads/PROCESS-71 refs/remotes/PROCESS-71 [1ms]
2025-07-31 14:02:28.939 [info] > git status -z -uall [12ms]
2025-07-31 14:02:28.940 [info] > git for-each-ref --sort -committerdate --format %(refname)%00%(objectname)%00%(*objectname) [6ms]
