2025-07-31 13:57:47.781 [info] Reading sessions from keychain...
2025-07-31 13:57:47.781 [info] Getting sessions for all scopes...
2025-07-31 13:57:47.781 [info] Getting sessions for all scopes...
2025-07-31 13:57:47.781 [info] Getting sessions for all scopes...
2025-07-31 13:57:47.781 [info] Getting sessions for all scopes...
2025-07-31 13:57:47.781 [info] Getting sessions for all scopes...
2025-07-31 13:57:47.781 [info] Getting sessions for all scopes...
2025-07-31 13:57:47.781 [info] Getting sessions for all scopes...
2025-07-31 13:57:47.781 [info] Got 0 sessions for ...
2025-07-31 13:57:47.781 [info] Got 0 sessions for ...
2025-07-31 13:57:47.781 [info] Got 0 sessions for ...
2025-07-31 13:57:47.781 [info] Got 0 sessions for ...
2025-07-31 13:57:47.781 [info] Got 0 sessions for ...
2025-07-31 13:57:47.781 [info] Got 0 sessions for ...
2025-07-31 13:57:47.781 [info] Got 0 sessions for ...
2025-07-31 13:57:47.781 [info] Getting sessions for all scopes...
2025-07-31 13:57:47.781 [info] Got 0 sessions for ...
2025-07-31 13:57:47.945 [info] Getting sessions for all scopes...
2025-07-31 13:57:47.945 [info] Got 0 sessions for ...
2025-07-31 13:57:47.945 [info] Getting sessions for all scopes...
2025-07-31 13:57:47.945 [info] Got 0 sessions for ...
2025-07-31 13:57:47.945 [info] Getting sessions for all scopes...
2025-07-31 13:57:47.945 [info] Got 0 sessions for ...
2025-07-31 13:57:47.945 [info] Getting sessions for all scopes...
2025-07-31 13:57:47.945 [info] Got 0 sessions for ...
2025-07-31 13:57:47.945 [info] Getting sessions for all scopes...
2025-07-31 13:57:47.945 [info] Got 0 sessions for ...
2025-07-31 13:57:47.945 [info] Getting sessions for all scopes...
2025-07-31 13:57:47.945 [info] Got 0 sessions for ...
2025-07-31 13:57:48.218 [info] Getting sessions for all scopes...
2025-07-31 13:57:48.218 [info] Got 0 sessions for ...
2025-07-31 13:57:49.116 [info] Getting sessions for read:user,repo,user:email,workflow...
2025-07-31 13:57:49.116 [info] Got 0 sessions for read:user,repo,user:email,workflow...
2025-07-31 13:57:49.484 [info] Getting sessions for all scopes...
2025-07-31 13:57:49.484 [info] Got 0 sessions for ...
