2025-07-31 13:57:49.055 [info] /home/hiansdt/.config/Code/User/settings.json closed
2025-07-31 13:57:49.392 [info] Configuration changed
2025-07-31 13:58:50.973 [info] Active editor: file:///home/hiansdt/projects/c3labs/monitor/monitor-comex-frontend/src/process/interfaces/checklist.ts
2025-07-31 13:58:51.030 [info] /home/hiansdt/projects/c3labs/monitor/monitor-comex-frontend/src/main.ts.git closed
2025-07-31 13:58:54.657 [info] Active editor: file:///home/hiansdt/projects/c3labs/monitor/monitor-comex-frontend/src/main.ts
2025-07-31 13:58:54.672 [info] /home/hiansdt/projects/c3labs/monitor/monitor-comex-frontend/src/process/interfaces/checklist.ts.git closed
2025-07-31 13:58:55.318 [info] Active editor: file:///home/hiansdt/projects/c3labs/monitor/monitor-comex-frontend/src/process/interfaces/checklist.ts
2025-07-31 13:58:55.332 [info] /home/hiansdt/projects/c3labs/monitor/monitor-comex-frontend/src/main.ts.git closed
2025-07-31 13:58:56.042 [info] Active editor: file:///home/hiansdt/projects/c3labs/monitor/monitor-comex-frontend/src/main.ts
2025-07-31 13:58:56.053 [info] /home/hiansdt/projects/c3labs/monitor/monitor-comex-frontend/src/process/interfaces/checklist.ts.git closed
2025-07-31 13:58:58.066 [info] /home/hiansdt/projects/c3labs/monitor/monitor-comex-frontend/src/main.ts closed
2025-07-31 13:58:58.071 [info] Active editor: file:///home/hiansdt/projects/c3labs/monitor/monitor-comex-frontend/src/process/interfaces/checklist.ts
2025-07-31 13:58:58.083 [info] /home/hiansdt/projects/c3labs/monitor/monitor-comex-frontend/src/main.ts.git closed
2025-07-31 13:59:05.279 [info] /home/hiansdt/projects/c3labs/monitor/monitor-comex-frontend/src/process/entities/checklist.ts closed
2025-07-31 13:59:05.577 [info] Active editor: file:///home/hiansdt/projects/c3labs/monitor/monitor-comex-frontend/src/process/entities/checklist.ts
2025-07-31 13:59:05.596 [info] /home/hiansdt/projects/c3labs/monitor/monitor-comex-frontend/src/process/interfaces/checklist.ts.git closed
2025-07-31 13:59:08.605 [info] Active editor: file:///home/hiansdt/projects/c3labs/monitor/monitor-comex-frontend/src/process/interfaces/checklist.ts
2025-07-31 13:59:08.618 [info] /home/hiansdt/projects/c3labs/monitor/monitor-comex-frontend/src/process/entities/checklist.ts.git closed
2025-07-31 13:59:17.888 [info] /home/hiansdt/projects/c3labs/monitor/monitor-comex-frontend/src/process/entities/checklist.ts closed
2025-07-31 13:59:17.930 [info] Active editor: file:///home/hiansdt/projects/c3labs/monitor/monitor-comex-frontend/src/process/repository/checklistRepository.ts
2025-07-31 13:59:17.991 [info] /home/hiansdt/projects/c3labs/monitor/monitor-comex-frontend/src/process/interfaces/checklist.ts.git closed
2025-07-31 14:00:49.082 [info] /home/hiansdt/projects/c3labs/monitor/monitor-comex-frontend/.devcontainer/devcontainer.json closed
2025-07-31 14:00:53.307 [info] /home/hiansdt/projects/c3labs/monitor/monitor-comex-frontend/src/@core/plugins/registered/iconify/package.json closed
2025-07-31 14:00:53.342 [info] /home/hiansdt/projects/c3labs/monitor/monitor-comex-frontend/package.json closed
